n = 224 observations from 82 studies

VARIANCE COMPONENTS
                                    method  within  between     icc
          direct decomposition (raw yield) 0.00571  0.01387 0.70818
random-intercept mixed model (log1p yield) 0.00530  0.00697 0.56798
  -> 71% of the variance in harmonised yield lies BETWEEN studies,
     which is exactly the component a study-level holdout removes.

LEARNING CURVE (grouped holdout of 16 studies)
               median  size
train_studies              
10             -0.120    12
20             -0.586    15
30             -0.207    15
40             -0.412    15
50             -0.083    15
60             -0.305    15
65             -0.610    15
  -> no systematic improvement across the range tested.

META-REGRESSION  (ly ~ C(sub_cat, Treatment(reference="Food/kitchen waste")) + C(mode) + Tn + pHn, n = 195)
                            term    coef     se      p   ci_lo  ci_hi
                       Intercept  0.0395 0.0600 0.5101 -0.0780 0.1571
        substrate: Algal biomass  0.0244 0.0588 0.6776 -0.0908 0.1396
      substrate: Coffee mucilage -0.0941 0.0839 0.2619 -0.2585 0.0703
   substrate: Glycerol/biodiesel  0.0446 0.0814 0.5836 -0.1150 0.2042
substrate: Industrial wastewater -0.0065 0.0354 0.8531 -0.0759 0.0628
      substrate: Lignocellulosic -0.0208 0.0306 0.4959 -0.0807 0.0391
        substrate: Manure/slurry -0.0267 0.0584 0.6480 -0.1412 0.0879
  substrate: Mixed organic waste  0.1723 0.1180 0.1441 -0.0589 0.4035
substrate: Municipal solid waste -0.0097 0.0460 0.8323 -0.1000 0.0805
                substrate: Other -0.0579 0.1101 0.5986 -0.2737 0.1578
        substrate: Sewage sludge -0.0612 0.1266 0.6291 -0.3093 0.1870
 substrate: Simple sugars/starch  0.0440 0.0269 0.1024 -0.0088 0.0968
                mode: Continuous  0.0319 0.0231 0.1666 -0.0133 0.0771
           mode: Semi-continuous -0.0126 0.0447 0.7775 -0.1002 0.0750
               mode: Unspecified -0.0123 0.0337 0.7139 -0.0783 0.0536
                              Tn  0.0018 0.0007 0.0083  0.0005 0.0032
                             pHn -0.0003 0.0084 0.9705 -0.0167 0.0161
                       Group Var  1.1742 0.3800 0.0020  0.4295 1.9189
  -> temperature +0.00184 (log1p scale) per degC (95% CI 0.00047 to 0.00320, p = 0.0083)
     model-implied yield difference 37 -> 55 degC at the median yield (0.1187):
     +0.038 dm3 H2 g-1 VS (95% CI +0.010 to +0.066)
  -> pH -0.0003 (p = 0.97): no detectable effect once study is accounted for

POOLED YIELD BY SUBSTRATE CLASS (random effects, study-weighted)
            substrate  rows  studies  pooled   ci_lo  ci_hi
 Simple sugars/starch    64       32  0.2272  0.1822 0.2739
Industrial wastewater    16       10  0.1434  0.0985 0.1901
   Food/kitchen waste    64       22  0.1233  0.0767 0.1720
      Lignocellulosic    33       18  0.1200  0.0732 0.1689
        Manure/slurry     4        3  0.1129 -0.0584 0.3155
Municipal solid waste     9        5  0.1040  0.0059 0.2116
        Algal biomass     7        2     NaN     NaN    NaN
      Coffee mucilage    22        1     NaN     NaN    NaN
   Glycerol/biodiesel     2        2     NaN     NaN    NaN
  Mixed organic waste     1        1     NaN     NaN    NaN
                Other     1        1     NaN     NaN    NaN
        Sewage sludge     1        1     NaN     NaN    NaN
  (categories supported by fewer than 3 studies are not pooled)

STUDY CONCENTRATION: 82 studies; 47 contribute one observation; the six largest contribute 84 rows (38%)

wrote results/03_variance_components.csv, 03_learning_curve.csv, 03_metaregression.csv, 03_pooled_yields.csv
