HEAT BALANCE ASSUMPTIONS
  cp 4.18 kJ kg-1 K-1, rho 1000 kg m-3, influent 20 degC
  1 dm3 H2 = 10.79 kJ (LHV 120 MJ kg-1, density 0.0899 kg m-3)
  mixing and pumping excluded

NET ENERGY PER m3 OF FEED (70% heat recovery)
 solids_gVS_L  temperature_C  yield_dm3_g  h2_energy_MJ_m3  heat_duty_MJ_m3  net_MJ_m3
           10             37          0.2             16.2             21.3       -5.1
           10             55          0.2             27.0             43.9      -16.9
           10             70          0.2             21.6             62.7      -41.1
           20             37          0.2             32.4             21.3       11.0
           20             55          0.2             53.9             43.9       10.0
           20             70          0.2             43.2             62.7      -19.5
           50             37          0.2             80.9             21.3       59.6
           50             55          0.2            134.8             43.9       91.0
           50             70          0.2            107.9             62.7       45.2
          100             37          0.2            161.8             21.3      140.5
          100             55          0.2            269.7             43.9      225.8
          100             70          0.2            215.8             62.7      153.1
  -> at 10 g VS L-1 the balance is negative at every temperature tested.

YIELD UPLIFT REQUIRED FOR 37 -> 55 degC TO PAY FOR ITS OWN HEAT (dm3 H2 g-1)
 solids_gVS_L  eta_0  eta_50  eta_70  eta_85
           10  0.697   0.349   0.209   0.105
           20  0.349   0.174   0.105   0.052
           30  0.232   0.116   0.070   0.035
           50  0.139   0.070   0.042   0.021
          100  0.070   0.035   0.021   0.010
          150  0.046   0.023   0.014   0.007

MODEL-IMPLIED YIELD DIFFERENCE, 37 -> 55 degC (back-transformed)
  +0.038 dm3 H2 g-1  (95% CI +0.010 to +0.066)

BREAK-EVEN SOLIDS LOADING GIVEN THE MEASURED UPLIFT (g VS L-1)
 heat_recovery  breakeven_loading_gVS_L  loading_at_CI_low  loading_at_CI_high
          0.50                    92.64              52.52              363.93
          0.70                    55.58              31.51              218.36
          0.85                    27.79              15.75              109.18
  dilute industrial wastewater is typically 1-10 g VS L-1;
  food-waste slurry is typically 40-120 g VS L-1.

FRACTION OF FEED CHEMICAL ENERGY RECOVERED AS H2 (VS at 15.6 MJ kg-1)
  dataset median yield                     Y = 0.111 ->  1.20 MJ per kg VS ( 7.7%)
  Thauer limit, 4 mol H2 per mol hexose    Y = 0.498 ->  5.37 MJ per kg VS (34.4%)
  the remainder leaves as volatile fatty acids.

wrote results/04_energy_balance.csv, 04_breakeven_uplift.csv, 04_breakeven_loading.csv
