n = 224 observations from 82 studies

A. FIVE ALGORITHMS, STUDY-GROUPED HOLDOUT (40 resamples)
   Random Forest    -0.174 (-0.953 to +0.355)
   CatBoost         -0.350 (-1.157 to +0.291)
   XGBoost          -0.498 (-2.526 to +0.238)
   LightGBM         -0.249 (-1.388 to +0.331)
   Ridge (one-hot)  -0.314 (-1.700 to +0.268)
   Mean predictor   -0.180 (-1.082 to -0.000)
   -> no algorithm reaches positive median R2 under grouping.

B. TUNED RANDOM FOREST (inner grouped CV on the training partition only)
   default   -0.043 (-0.823 to +0.344)
   tuned     -0.103 (-0.918 to +0.315)
   -> tuning does not recover positive performance.

C. ALTERNATIVE CATEGORY ENCODINGS, STUDY-GROUPED HOLDOUT
   paper mapping (11 substrate classes)   -0.174 (-0.953 to +0.355)
   raw literature strings                 +0.077 (-0.880 to +0.345)
   coarse 3-class substrate + mode only   -0.146 (-1.202 to +0.475)
   -> the result does not depend on how categories are defined.

D. LEAVE-ONE-STUDY-OUT INFLUENCE (six largest contributors)
   none (full set)                    n=224  -0.174 (-0.953 to +0.355)
   Cárdenas et al., 2018              n=202  -0.128 (-2.172 to +0.397)
   Okonkwo, 2019                      n=209  -0.245 (-1.270 to +0.257)
   Ergal et al., 2022                 n=210  -0.193 (-2.496 to +0.358)
   Akhbari & Ibrahim, 2022            n=213  -0.108 (-1.597 to +0.340)
   Di Perta et al., 2022              n=213  -0.061 (-1.759 to +0.358)
   Albuquerque et al., 2024           n=213  -0.095 (-1.641 to +0.368)
   -> no single study is responsible for the result.

wrote results/05_robustness_algorithms.csv, 05_robustness_tuning.csv,
      05_robustness_encoding.csv, 05_robustness_influence.csv
