MASS BASIS OF THE MODELLING TARGET
                 basis  records  studies  mean_yield
     g volatile solids      101       38      0.1310
     g named substrate       77       37      0.2414
   g hexose-equivalent       34        9      0.0600
    g dry biomass (TS)        6        1      0.0258
                 g COD        3        1      0.1980
g substrate (unstated)        3        2      0.0532

VALIDATION LADDER BY TARGET-BASIS TIER
tier                                         n studies | augmented              row-wise               GROUPED (RF)           grouped mean pred.    
T1  all records (mixed basis)              224      82 | +0.652 [+0.47,+0.75]   +0.439 [+0.11,+0.61]   -0.174 [-0.95,+0.35]   -0.180 [-1.08,-0.00]  
T2  drop COD / dry biomass / unstated      212      80 | +0.648 [+0.47,+0.77]   +0.399 [+0.06,+0.64]   -0.019 [-1.20,+0.30]   -0.100 [-1.54,-0.01]  
T3  T2 minus hexose-equivalent             178      74 | +0.608 [+0.35,+0.75]   +0.379 [-0.27,+0.60]   -0.145 [-1.17,+0.32]   -0.121 [-1.36,-0.00]  
T4  volatile solids only                   101      38 | +0.476 [+0.16,+0.76]   +0.265 [-2.28,+0.66]   -1.113 [-6.19,-0.22]   -0.335 [-2.45,-0.00]  

SUMMARY
  T1  all records (mixed basis)            ICC 0.71 | leakage gap +0.613 | RF minus mean predictor +0.006
  T2  drop COD / dry biomass / unstated    ICC 0.70 | leakage gap +0.418 | RF minus mean predictor +0.082
  T3  T2 minus hexose-equivalent           ICC 0.67 | leakage gap +0.523 | RF minus mean predictor -0.024
  T4  volatile solids only                 ICC 0.79 | leakage gap +1.378 | RF minus mean predictor -0.778

wrote results/08_basis_composition.csv, 08_basis_sensitivity.csv
